// Jest Snapshot v1, https://goo.gl/fbAQLP

exports[`NewsTitle component renders news item properties passed in as props 1`] = `
<ApolloProvider
  client={
    ApolloClient {
      "cache": InMemoryCache {
        "addTypename": true,
        "cacheKeyRoot": KeyTrie {
          "weakness": true,
        },
        "config": Object {
          "addTypename": true,
          "dataIdFromObject": [Function],
          "fragmentMatcher": HeuristicFragmentMatcher {},
          "freezeResults": false,
          "resultCaching": true,
        },
        "data": DepTrackingCache {
          "data": Object {},
          "depend": [Function],
        },
        "maybeBroadcastWatch": [Function],
        "optimisticData": DepTrackingCache {
          "data": Object {},
          "depend": [Function],
        },
        "silenceBroadcast": false,
        "storeReader": StoreReader {
          "executeSelectionSet": [Function],
          "executeStoreQuery": [Function],
          "executeSubSelectedArray": [Function],
          "freezeResults": false,
        },
        "storeWriter": StoreWriter {},
        "typenameDocumentCache": Map {},
        "watches": Set {},
      },
      "clearStoreCallbacks": Array [],
      "defaultOptions": Object {},
      "disableNetworkFetches": false,
      "link": MockLink {
        "addTypename": true,
        "mockedResponsesByKey": Object {},
      },
      "localState": LocalState {
        "cache": InMemoryCache {
          "addTypename": true,
          "cacheKeyRoot": KeyTrie {
            "weakness": true,
          },
          "config": Object {
            "addTypename": true,
            "dataIdFromObject": [Function],
            "fragmentMatcher": HeuristicFragmentMatcher {},
            "freezeResults": false,
            "resultCaching": true,
          },
          "data": DepTrackingCache {
            "data": Object {},
            "depend": [Function],
          },
          "maybeBroadcastWatch": [Function],
          "optimisticData": DepTrackingCache {
            "data": Object {},
            "depend": [Function],
          },
          "silenceBroadcast": false,
          "storeReader": StoreReader {
            "executeSelectionSet": [Function],
            "executeStoreQuery": [Function],
            "executeSubSelectedArray": [Function],
            "freezeResults": false,
          },
          "storeWriter": StoreWriter {},
          "typenameDocumentCache": Map {},
          "watches": Set {},
        },
        "client": [Circular],
      },
      "mutate": [Function],
      "query": [Function],
      "queryDeduplication": true,
      "queryManager": QueryManager {
        "assumeImmutableResults": false,
        "clientAwareness": Object {
          "name": undefined,
          "version": undefined,
        },
        "dataStore": DataStore {
          "cache": InMemoryCache {
            "addTypename": true,
            "cacheKeyRoot": KeyTrie {
              "weakness": true,
            },
            "config": Object {
              "addTypename": true,
              "dataIdFromObject": [Function],
              "fragmentMatcher": HeuristicFragmentMatcher {},
              "freezeResults": false,
              "resultCaching": true,
            },
            "data": DepTrackingCache {
              "data": Object {},
              "depend": [Function],
            },
            "maybeBroadcastWatch": [Function],
            "optimisticData": DepTrackingCache {
              "data": Object {},
              "depend": [Function],
            },
            "silenceBroadcast": false,
            "storeReader": StoreReader {
              "executeSelectionSet": [Function],
              "executeStoreQuery": [Function],
              "executeSubSelectedArray": [Function],
              "freezeResults": false,
            },
            "storeWriter": StoreWriter {},
            "typenameDocumentCache": Map {},
            "watches": Set {},
          },
        },
        "fetchQueryRejectFns": Map {},
        "idCounter": 1,
        "inFlightLinkObservables": Map {},
        "link": MockLink {
          "addTypename": true,
          "mockedResponsesByKey": Object {},
        },
        "localState": LocalState {
          "cache": InMemoryCache {
            "addTypename": true,
            "cacheKeyRoot": KeyTrie {
              "weakness": true,
            },
            "config": Object {
              "addTypename": true,
              "dataIdFromObject": [Function],
              "fragmentMatcher": HeuristicFragmentMatcher {},
              "freezeResults": false,
              "resultCaching": true,
            },
            "data": DepTrackingCache {
              "data": Object {},
              "depend": [Function],
            },
            "maybeBroadcastWatch": [Function],
            "optimisticData": DepTrackingCache {
              "data": Object {},
              "depend": [Function],
            },
            "silenceBroadcast": false,
            "storeReader": StoreReader {
              "executeSelectionSet": [Function],
              "executeStoreQuery": [Function],
              "executeSubSelectedArray": [Function],
              "freezeResults": false,
            },
            "storeWriter": StoreWriter {},
            "typenameDocumentCache": Map {},
            "watches": Set {},
          },
          "client": [Circular],
        },
        "mutationStore": MutationStore {
          "store": Object {},
        },
        "onBroadcast": [Function],
        "pollingInfoByQueryId": Map {},
        "queries": Map {},
        "queryDeduplication": true,
        "queryStore": QueryStore {
          "store": Object {},
        },
        "ssrMode": false,
        "transformCache": WeakMap {},
      },
      "reFetchObservableQueries": [Function],
      "resetStore": [Function],
      "resetStoreCallbacks": Array [],
      "store": DataStore {
        "cache": InMemoryCache {
          "addTypename": true,
          "cacheKeyRoot": KeyTrie {
            "weakness": true,
          },
          "config": Object {
            "addTypename": true,
            "dataIdFromObject": [Function],
            "fragmentMatcher": HeuristicFragmentMatcher {},
            "freezeResults": false,
            "resultCaching": true,
          },
          "data": DepTrackingCache {
            "data": Object {},
            "depend": [Function],
          },
          "maybeBroadcastWatch": [Function],
          "optimisticData": DepTrackingCache {
            "data": Object {},
            "depend": [Function],
          },
          "silenceBroadcast": false,
          "storeReader": StoreReader {
            "executeSelectionSet": [Function],
            "executeStoreQuery": [Function],
            "executeSubSelectedArray": [Function],
            "freezeResults": false,
          },
          "storeWriter": StoreWriter {},
          "typenameDocumentCache": Map {},
          "watches": Set {},
        },
      },
      "typeDefs": undefined,
      "version": "2.6.8",
      "watchQuery": [Function],
    }
  }
>
  <NewsTitle
    commentCount={44}
    comments={Array []}
    creationTime={1504740146516}
    hidden={false}
    hiddenCount={0}
    hides={Array []}
    id={1224}
    isRankVisible={true}
    rank={1}
    submitterId="hvo"
    text={null}
    title="“Learning How to Learn,” the most popular course on Coursera"
    upvoteCount={171}
    upvotes={Array []}
    url="https://www.nytimes.com/2017/08/04/education/edlife/learning-how-to-learn-barbara-oakley.html?hpw&rref=education&action=click&pgtype=Homepage&module=well-region&region=bottom-well&WT.nav=bottom-well"
  />
</ApolloProvider>
`;
