// Jest Snapshot v1, https://goo.gl/fbAQLP

exports[`NewsFeed component renders news items passed in as props 1`] = `
ShallowWrapper {
  "complexSelector": ComplexSelector {
    "buildPredicate": [Function],
    "childrenOfNode": [Function],
    "findWhereUnwrapped": [Function],
  },
  "length": 1,
  "node": <tr>
    <td
        colSpan="2"
    />
    <td
        className="subtext"
    >
        <span
            className="score"
        >
            171
             points
        </span>
         by 
        <a
            className="hnuser"
            href="/user?id=hvo"
        >
            hvo
        </a>
         
        <span
            className="age"
        >
            <a
                href="item?id=15077449"
            >
                3 hours ago
            </a>
        </span>
         
        <span />
         | 
        <a
            href="/hide?id=15077449&goto=news&auth=15140ad499d896ef90cc72930b3fb7706f6d6398"
            onClick={[Function]}
        >
            hide
        </a>
         | 
        <a
            href="/item?id=1224"
        >
             
            44 comments
        </a>
    </td>
</tr>,
  "nodes": Array [
    <tr>
      <td
            colSpan="2"
      />
      <td
            className="subtext"
      >
            <span
                  className="score"
            >
                  171
                   points
            </span>
             by 
            <a
                  className="hnuser"
                  href="/user?id=hvo"
            >
                  hvo
            </a>
             
            <span
                  className="age"
            >
                  <a
                        href="item?id=15077449"
                  >
                        3 hours ago
                  </a>
            </span>
             
            <span />
             | 
            <a
                  href="/hide?id=15077449&goto=news&auth=15140ad499d896ef90cc72930b3fb7706f6d6398"
                  onClick={[Function]}
            >
                  hide
            </a>
             | 
            <a
                  href="/item?id=1224"
            >
                   
                  44 comments
            </a>
      </td>
</tr>,
  ],
  "options": Object {},
  "renderer": ReactShallowRenderer {
    "_instance": ShallowComponentWrapper {
      "_calledComponentWillUnmount": false,
      "_compositeType": 0,
      "_context": Object {},
      "_currentElement": <NewsDetail
        commentCount={44}
        comments={Array []}
        creationTime={2017-09-21T20:12:16.000Z}
        favoriteVisible={false}
        hidden={Array []}
        hiddenCount={0}
        id={1224}
        points={171}
        rank={1}
        submitterId="hvo"
        text={null}
        title="“Learning How to Learn,” the most popular course on Coursera"
        upvoteCount={10}
        upvotes={Set {}}
        url="https://www.nytimes.com/2017/08/04/education/edlife/learning-how-to-learn-barbara-oakley.html?hpw&rref=education&action=click&pgtype=Homepage&module=well-region&region=bottom-well&WT.nav=bottom-well"
/>,
      "_debugID": 1,
      "_hostContainerInfo": null,
      "_hostParent": null,
      "_instance": NewsDetail {
        "_reactInternalInstance": [Circular],
        "context": Object {},
        "props": Object {
          "commentCount": 44,
          "comments": Array [],
          "creationTime": 2017-09-21T20:12:16.000Z,
          "favoriteVisible": false,
          "hidden": Array [],
          "hiddenCount": 0,
          "id": 1224,
          "points": 171,
          "rank": 1,
          "submitterId": "hvo",
          "text": null,
          "title": "“Learning How to Learn,” the most popular course on Coursera",
          "upvoteCount": 10,
          "upvotes": Set {},
          "url": "https://www.nytimes.com/2017/08/04/education/edlife/learning-how-to-learn-barbara-oakley.html?hpw&rref=education&action=click&pgtype=Homepage&module=well-region&region=bottom-well&WT.nav=bottom-well",
        },
        "refs": Object {},
        "state": null,
        "updater": Object {
          "enqueueCallback": [Function],
          "enqueueCallbackInternal": [Function],
          "enqueueElementInternal": [Function],
          "enqueueForceUpdate": [Function],
          "enqueueReplaceState": [Function],
          "enqueueSetState": [Function],
          "isMounted": [Function],
          "validateCallback": [Function],
        },
      },
      "_mountOrder": 1,
      "_pendingCallbacks": null,
      "_pendingElement": null,
      "_pendingForceUpdate": false,
      "_pendingReplaceState": false,
      "_pendingStateQueue": null,
      "_renderedComponent": NoopInternalComponent {
        "_currentElement": <tr>
          <td
                    colSpan="2"
          />
          <td
                    className="subtext"
          >
                    <span
                              className="score"
                    >
                              171
                               points
                    </span>
                     by 
                    <a
                              className="hnuser"
                              href="/user?id=hvo"
                    >
                              hvo
                    </a>
                     
                    <span
                              className="age"
                    >
                              <a
                                        href="item?id=15077449"
                              >
                                        3 hours ago
                              </a>
                    </span>
                     
                    <span />
                     | 
                    <a
                              href="/hide?id=15077449&goto=news&auth=15140ad499d896ef90cc72930b3fb7706f6d6398"
                              onClick={[Function]}
                    >
                              hide
                    </a>
                     | 
                    <a
                              href="/item?id=1224"
                    >
                               
                              44 comments
                    </a>
          </td>
</tr>,
        "_debugID": 2,
        "_renderedOutput": <tr>
          <td
                    colSpan="2"
          />
          <td
                    className="subtext"
          >
                    <span
                              className="score"
                    >
                              171
                               points
                    </span>
                     by 
                    <a
                              className="hnuser"
                              href="/user?id=hvo"
                    >
                              hvo
                    </a>
                     
                    <span
                              className="age"
                    >
                              <a
                                        href="item?id=15077449"
                              >
                                        3 hours ago
                              </a>
                    </span>
                     
                    <span />
                     | 
                    <a
                              href="/hide?id=15077449&goto=news&auth=15140ad499d896ef90cc72930b3fb7706f6d6398"
                              onClick={[Function]}
                    >
                              hide
                    </a>
                     | 
                    <a
                              href="/item?id=1224"
                    >
                               
                              44 comments
                    </a>
          </td>
</tr>,
      },
      "_renderedNodeType": 0,
      "_rootNodeID": 0,
      "_topLevelWrapper": null,
      "_updateBatchNumber": null,
      "_warnedAboutRefsInRender": false,
    },
    "getRenderOutput": [Function],
    "render": [Function],
  },
  "root": [Circular],
  "unrendered": <NewsDetail
    commentCount={44}
    comments={Array []}
    creationTime={2017-09-21T20:12:16.000Z}
    favoriteVisible={false}
    hidden={Array []}
    hiddenCount={0}
    id={1224}
    points={171}
    rank={1}
    submitterId="hvo"
    text={null}
    title="“Learning How to Learn,” the most popular course on Coursera"
    upvoteCount={10}
    upvotes={Set {}}
    url="https://www.nytimes.com/2017/08/04/education/edlife/learning-how-to-learn-barbara-oakley.html?hpw&rref=education&action=click&pgtype=Homepage&module=well-region&region=bottom-well&WT.nav=bottom-well"
/>,
}
`;
